#-----------------------------------------------------------
# Vivado v2024.1.1 (64-bit)
# SW Build 5094488 on Fri Jun 14 08:59:21 MDT 2024
# IP Build 5091682 on Fri Jun 14 16:55:04 MDT 2024
# SharedData Build 5094118 on Fri Jun 14 01:09:43 MDT 2024
# Start of session at: Sat Nov 30 23:36:20 2024
# Process ID: 63072
# Current directory: C:/Users/Xingyu_Brian_Zhou/Documents/BaiduSyncdisk/0A Curriculum/FPGA Lab/Project/FPGA_Breakout/breakout/breakout.runs/impl_1
# Command line: vivado.exe -log main.vdi -applog -product Vivado -messageDb vivado.pb -mode batch -source main.tcl -notrace
# Log file: C:/Users/Xingyu_Brian_Zhou/Documents/BaiduSyncdisk/0A Curriculum/FPGA Lab/Project/FPGA_Breakout/breakout/breakout.runs/impl_1/main.vdi
# Journal file: C:/Users/Xingyu_Brian_Zhou/Documents/BaiduSyncdisk/0A Curriculum/FPGA Lab/Project/FPGA_Breakout/breakout/breakout.runs/impl_1\vivado.jou
# Running On        :Brian-Legion5i
# Platform          :Windows Server 2016 or Windows 10
# Operating System  :22631
# Processor Detail  :11th Gen Intel(R) Core(TM) i7-11800H @ 2.30GHz
# CPU Frequency     :2304 MHz
# CPU Physical cores:8
# CPU Logical cores :16
# Host memory       :34115 MB
# Swap memory       :5100 MB
# Total Virtual     :39216 MB
# Available Virtual :18413 MB
#-----------------------------------------------------------
source main.tcl -notrace
